// Jest Snapshot v1, https://goo.gl/fbAQLP

exports[`should render ExpenseForm correctly 1`] = `
ShallowWrapper {
  "length": 1,
  Symbol(enzyme.__root__): [Circular],
  Symbol(enzyme.__unrendered__): <ExpenseForm />,
  Symbol(enzyme.__renderer__): Object {
    "batchedUpdates": [Function],
    "getNode": [Function],
    "render": [Function],
    "simulateEvent": [Function],
    "unmount": [Function],
  },
  Symbol(enzyme.__node__): Object {
    "instance": null,
    "key": undefined,
    "nodeType": "host",
    "props": Object {
      "children": Array [
        "",
        <form
          onSubmit={[Function]}
>
          <input
                    autoFocus={true}
                    onChange={[Function]}
                    placeholder="Description"
                    type="text"
                    value=""
          />
          <input
                    onChange={[Function]}
                    placeholder="Amount"
                    type="text"
                    value=""
          />
          <DatePicker
                    allowSameDay={false}
                    dateFormat="L"
                    dateFormatCalendar="MMMM YYYY"
                    disabled={false}
                    disabledKeyboardNavigation={false}
                    dropdownMode="scroll"
                    monthsShown={1}
                    onBlur={[Function]}
                    onChange={[Function]}
                    onClickOutside={[Function]}
                    onFocus={[Function]}
                    onKeyDown={[Function]}
                    onMonthChange={[Function]}
                    onSelect={[Function]}
                    onYearChange={[Function]}
                    preventOpenOnFocus={false}
                    selected={"2018-02-25T06:47:00.702Z"}
                    shouldCloseOnSelect={true}
                    showTimeSelect={false}
                    timeIntervals={30}
                    withPortal={false}
          />
          <textarea
                    onChange={[Function]}
                    placeholder="Add a note for your expense (optional)"
                    value=""
          />
          <button>
                    Add Expense
          </button>
</form>,
      ],
    },
    "ref": null,
    "rendered": Array [
      "",
      Object {
        "instance": null,
        "key": undefined,
        "nodeType": "host",
        "props": Object {
          "children": Array [
            <input
              autoFocus={true}
              onChange={[Function]}
              placeholder="Description"
              type="text"
              value=""
/>,
            <input
              onChange={[Function]}
              placeholder="Amount"
              type="text"
              value=""
/>,
            <DatePicker
              allowSameDay={false}
              dateFormat="L"
              dateFormatCalendar="MMMM YYYY"
              disabled={false}
              disabledKeyboardNavigation={false}
              dropdownMode="scroll"
              monthsShown={1}
              onBlur={[Function]}
              onChange={[Function]}
              onClickOutside={[Function]}
              onFocus={[Function]}
              onKeyDown={[Function]}
              onMonthChange={[Function]}
              onSelect={[Function]}
              onYearChange={[Function]}
              preventOpenOnFocus={false}
              selected={"2018-02-25T06:47:00.702Z"}
              shouldCloseOnSelect={true}
              showTimeSelect={false}
              timeIntervals={30}
              withPortal={false}
/>,
            <textarea
              onChange={[Function]}
              placeholder="Add a note for your expense (optional)"
              value=""
/>,
            <button>
              Add Expense
</button>,
          ],
          "onSubmit": [Function],
        },
        "ref": null,
        "rendered": Array [
          Object {
            "instance": null,
            "key": undefined,
            "nodeType": "host",
            "props": Object {
              "autoFocus": true,
              "onChange": [Function],
              "placeholder": "Description",
              "type": "text",
              "value": "",
            },
            "ref": null,
            "rendered": null,
            "type": "input",
          },
          Object {
            "instance": null,
            "key": undefined,
            "nodeType": "host",
            "props": Object {
              "onChange": [Function],
              "placeholder": "Amount",
              "type": "text",
              "value": "",
            },
            "ref": null,
            "rendered": null,
            "type": "input",
          },
          Object {
            "instance": null,
            "key": undefined,
            "nodeType": "class",
            "props": Object {
              "allowSameDay": false,
              "dateFormat": "L",
              "dateFormatCalendar": "MMMM YYYY",
              "disabled": false,
              "disabledKeyboardNavigation": false,
              "dropdownMode": "scroll",
              "monthsShown": 1,
              "onBlur": [Function],
              "onChange": [Function],
              "onClickOutside": [Function],
              "onFocus": [Function],
              "onKeyDown": [Function],
              "onMonthChange": [Function],
              "onSelect": [Function],
              "onYearChange": [Function],
              "preventOpenOnFocus": false,
              "selected": "2018-02-25T06:47:00.702Z",
              "shouldCloseOnSelect": true,
              "showTimeSelect": false,
              "timeIntervals": 30,
              "withPortal": false,
            },
            "ref": null,
            "rendered": null,
            "type": [Function],
          },
          Object {
            "instance": null,
            "key": undefined,
            "nodeType": "host",
            "props": Object {
              "onChange": [Function],
              "placeholder": "Add a note for your expense (optional)",
              "value": "",
            },
            "ref": null,
            "rendered": null,
            "type": "textarea",
          },
          Object {
            "instance": null,
            "key": undefined,
            "nodeType": "host",
            "props": Object {
              "children": "Add Expense",
            },
            "ref": null,
            "rendered": "Add Expense",
            "type": "button",
          },
        ],
        "type": "form",
      },
    ],
    "type": "div",
  },
  Symbol(enzyme.__nodes__): Array [
    Object {
      "instance": null,
      "key": undefined,
      "nodeType": "host",
      "props": Object {
        "children": Array [
          "",
          <form
            onSubmit={[Function]}
>
            <input
                        autoFocus={true}
                        onChange={[Function]}
                        placeholder="Description"
                        type="text"
                        value=""
            />
            <input
                        onChange={[Function]}
                        placeholder="Amount"
                        type="text"
                        value=""
            />
            <DatePicker
                        allowSameDay={false}
                        dateFormat="L"
                        dateFormatCalendar="MMMM YYYY"
                        disabled={false}
                        disabledKeyboardNavigation={false}
                        dropdownMode="scroll"
                        monthsShown={1}
                        onBlur={[Function]}
                        onChange={[Function]}
                        onClickOutside={[Function]}
                        onFocus={[Function]}
                        onKeyDown={[Function]}
                        onMonthChange={[Function]}
                        onSelect={[Function]}
                        onYearChange={[Function]}
                        preventOpenOnFocus={false}
                        selected={"2018-02-25T06:47:00.702Z"}
                        shouldCloseOnSelect={true}
                        showTimeSelect={false}
                        timeIntervals={30}
                        withPortal={false}
            />
            <textarea
                        onChange={[Function]}
                        placeholder="Add a note for your expense (optional)"
                        value=""
            />
            <button>
                        Add Expense
            </button>
</form>,
        ],
      },
      "ref": null,
      "rendered": Array [
        "",
        Object {
          "instance": null,
          "key": undefined,
          "nodeType": "host",
          "props": Object {
            "children": Array [
              <input
                autoFocus={true}
                onChange={[Function]}
                placeholder="Description"
                type="text"
                value=""
/>,
              <input
                onChange={[Function]}
                placeholder="Amount"
                type="text"
                value=""
/>,
              <DatePicker
                allowSameDay={false}
                dateFormat="L"
                dateFormatCalendar="MMMM YYYY"
                disabled={false}
                disabledKeyboardNavigation={false}
                dropdownMode="scroll"
                monthsShown={1}
                onBlur={[Function]}
                onChange={[Function]}
                onClickOutside={[Function]}
                onFocus={[Function]}
                onKeyDown={[Function]}
                onMonthChange={[Function]}
                onSelect={[Function]}
                onYearChange={[Function]}
                preventOpenOnFocus={false}
                selected={"2018-02-25T06:47:00.702Z"}
                shouldCloseOnSelect={true}
                showTimeSelect={false}
                timeIntervals={30}
                withPortal={false}
/>,
              <textarea
                onChange={[Function]}
                placeholder="Add a note for your expense (optional)"
                value=""
/>,
              <button>
                Add Expense
</button>,
            ],
            "onSubmit": [Function],
          },
          "ref": null,
          "rendered": Array [
            Object {
              "instance": null,
              "key": undefined,
              "nodeType": "host",
              "props": Object {
                "autoFocus": true,
                "onChange": [Function],
                "placeholder": "Description",
                "type": "text",
                "value": "",
              },
              "ref": null,
              "rendered": null,
              "type": "input",
            },
            Object {
              "instance": null,
              "key": undefined,
              "nodeType": "host",
              "props": Object {
                "onChange": [Function],
                "placeholder": "Amount",
                "type": "text",
                "value": "",
              },
              "ref": null,
              "rendered": null,
              "type": "input",
            },
            Object {
              "instance": null,
              "key": undefined,
              "nodeType": "class",
              "props": Object {
                "allowSameDay": false,
                "dateFormat": "L",
                "dateFormatCalendar": "MMMM YYYY",
                "disabled": false,
                "disabledKeyboardNavigation": false,
                "dropdownMode": "scroll",
                "monthsShown": 1,
                "onBlur": [Function],
                "onChange": [Function],
                "onClickOutside": [Function],
                "onFocus": [Function],
                "onKeyDown": [Function],
                "onMonthChange": [Function],
                "onSelect": [Function],
                "onYearChange": [Function],
                "preventOpenOnFocus": false,
                "selected": "2018-02-25T06:47:00.702Z",
                "shouldCloseOnSelect": true,
                "showTimeSelect": false,
                "timeIntervals": 30,
                "withPortal": false,
              },
              "ref": null,
              "rendered": null,
              "type": [Function],
            },
            Object {
              "instance": null,
              "key": undefined,
              "nodeType": "host",
              "props": Object {
                "onChange": [Function],
                "placeholder": "Add a note for your expense (optional)",
                "value": "",
              },
              "ref": null,
              "rendered": null,
              "type": "textarea",
            },
            Object {
              "instance": null,
              "key": undefined,
              "nodeType": "host",
              "props": Object {
                "children": "Add Expense",
              },
              "ref": null,
              "rendered": "Add Expense",
              "type": "button",
            },
          ],
          "type": "form",
        },
      ],
      "type": "div",
    },
  ],
  Symbol(enzyme.__options__): Object {
    "adapter": ReactSixteenAdapter {
      "options": Object {
        "enableComponentDidUpdateOnSetState": true,
      },
    },
  },
}
`;
